// Jest Snapshot v1, https://goo.gl/fbAQLP

exports[`renders correctly 1`] = `
<RNCSafeAreaProvider
  onInsetsChange={[Function]}
  style={
    [
      {
        "flex": 1,
      },
      undefined,
    ]
  }
>
  <RNSScreenStack
    style={
      {
        "flex": 1,
      }
    }
  >
    <RNSScreen
      collapsable={false}
      gestureResponseDistance={
        {
          "bottom": -1,
          "end": -1,
          "start": -1,
          "top": -1,
        }
      }
      nativeBackButtonDismissalEnabled={false}
      onAppear={[Function]}
      onDisappear={[Function]}
      onDismissed={[Function]}
      onGestureCancel={[Function]}
      onHeaderBackButtonClicked={[Function]}
      onNativeDismissCancelled={[Function]}
      onTransitionProgress={[Function]}
      onWillDisappear={[Function]}
      replaceAnimation="push"
      sheetAllowedDetents="large"
      sheetCornerRadius={-1}
      sheetExpandsWhenScrolledToEdge={true}
      sheetGrabberVisible={false}
      sheetLargestUndimmedDetent="all"
      stackPresentation="push"
      style={
        {
          "bottom": 0,
          "left": 0,
          "position": "absolute",
          "right": 0,
          "top": 0,
        }
      }
      swipeDirection="horizontal"
    >
      <RNSScreenStackHeaderConfig
        backButtonInCustomView={false}
        backTitleVisible={true}
        backgroundColor="rgb(255, 255, 255)"
        color="rgb(0, 122, 255)"
        direction="ltr"
        disableBackButtonMenu={false}
        hidden={true}
        hideBackButton={false}
        largeTitleHideShadow={false}
        title="Main"
        titleColor="rgb(28, 28, 30)"
        topInsetEnabled={false}
        translucent={false}
      />
      <View
        accessibilityElementsHidden={false}
        importantForAccessibility="auto"
        style={
          {
            "flex": 1,
            "flexDirection": "column-reverse",
          }
        }
      >
        <View
          style={
            [
              {
                "flex": 1,
              },
              {
                "backgroundColor": "rgb(242, 242, 242)",
              },
              undefined,
            ]
          }
        >
          <View
            style={
              [
                {
                  "flex": 1,
                },
                undefined,
              ]
            }
          >
            <RNSScreenNavigationContainer
              style={
                {
                  "flex": 1,
                  "overflow": "hidden",
                }
              }
            >
              <RNSScreen
                activityState={2}
                collapsable={false}
                gestureResponseDistance={
                  {
                    "bottom": -1,
                    "end": -1,
                    "start": -1,
                    "top": -1,
                  }
                }
                onGestureCancel={[Function]}
                sheetAllowedDetents="large"
                sheetCornerRadius={-1}
                sheetExpandsWhenScrolledToEdge={true}
                sheetGrabberVisible={false}
                sheetLargestUndimmedDetent="all"
                style={
                  {
                    "bottom": 0,
                    "left": 0,
                    "position": "absolute",
                    "right": 0,
                    "top": 0,
                    "zIndex": 0,
                  }
                }
              >
                <View
                  accessibilityElementsHidden={false}
                  importantForAccessibility="auto"
                  style={
                    [
                      {
                        "backgroundColor": "rgb(242, 242, 242)",
                        "flex": 1,
                      },
                      [
                        {
                          "flex": 1,
                          "flexDirection": "column-reverse",
                        },
                        undefined,
                      ],
                    ]
                  }
                >
                  <View
                    style={
                      {
                        "flex": 1,
                      }
                    }
                  >
                    <View
                      style={
                        [
                          {
                            "flex": 1,
                          },
                          undefined,
                        ]
                      }
                    >
                      <RNSScreenStack
                        style={
                          {
                            "flex": 1,
                          }
                        }
                      >
                        <RNSScreen
                          collapsable={false}
                          gestureResponseDistance={
                            {
                              "bottom": -1,
                              "end": -1,
                              "start": -1,
                              "top": -1,
                            }
                          }
                          nativeBackButtonDismissalEnabled={false}
                          onAppear={[Function]}
                          onDisappear={[Function]}
                          onDismissed={[Function]}
                          onGestureCancel={[Function]}
                          onHeaderBackButtonClicked={[Function]}
                          onNativeDismissCancelled={[Function]}
                          onTransitionProgress={[Function]}
                          onWillDisappear={[Function]}
                          replaceAnimation="push"
                          sheetAllowedDetents="large"
                          sheetCornerRadius={-1}
                          sheetExpandsWhenScrolledToEdge={true}
                          sheetGrabberVisible={false}
                          sheetLargestUndimmedDetent="all"
                          stackAnimation="slide_from_right"
                          stackPresentation="push"
                          style={
                            {
                              "bottom": 0,
                              "left": 0,
                              "position": "absolute",
                              "right": 0,
                              "top": 0,
                            }
                          }
                          swipeDirection="horizontal"
                        >
                          <RNSScreenStackHeaderConfig
                            backButtonInCustomView={false}
                            backTitleVisible={true}
                            backgroundColor="rgb(255, 255, 255)"
                            color="rgb(0, 122, 255)"
                            direction="ltr"
                            disableBackButtonMenu={false}
                            hidden={false}
                            hideBackButton={false}
                            largeTitleHideShadow={false}
                            title="Overview"
                            titleColor="rgb(28, 28, 30)"
                            topInsetEnabled={false}
                            translucent={false}
                          />
                          <View
                            accessibilityElementsHidden={false}
                            importantForAccessibility="auto"
                            style={
                              {
                                "flex": 1,
                                "flexDirection": "column-reverse",
                              }
                            }
                          >
                            <View
                              style={
                                [
                                  {
                                    "flex": 1,
                                  },
                                  {
                                    "backgroundColor": "rgb(242, 242, 242)",
                                  },
                                  undefined,
                                ]
                              }
                            >
                              <View
                                style={
                                  [
                                    {
                                      "flex": 1,
                                    },
                                    {
                                      "paddingBottom": 0,
                                      "paddingLeft": 0,
                                      "paddingRight": 0,
                                      "paddingTop": 0,
                                    },
                                  ]
                                }
                              >
                                <View
                                  style={
                                    {
                                      "alignItems": "center",
                                      "flex": 1,
                                      "gap": 8,
                                      "justifyContent": "center",
                                    }
                                  }
                                >
                                  <Text>
                                    Home Screen
                                  </Text>
                                  <View
                                    accessibilityState={
                                      {
                                        "busy": undefined,
                                        "checked": undefined,
                                        "disabled": undefined,
                                        "expanded": undefined,
                                        "selected": undefined,
                                      }
                                    }
                                    accessibilityValue={
                                      {
                                        "max": undefined,
                                        "min": undefined,
                                        "now": undefined,
                                        "text": undefined,
                                      }
                                    }
                                    accessible={true}
                                    collapsable={false}
                                    focusable={true}
                                    onClick={[Function]}
                                    onResponderGrant={[Function]}
                                    onResponderMove={[Function]}
                                    onResponderRelease={[Function]}
                                    onResponderTerminate={[Function]}
                                    onResponderTerminationRequest={[Function]}
                                    onStartShouldSetResponder={[Function]}
                                    style={
                                      {
                                        "height": 40,
                                        "opacity": 1,
                                      }
                                    }
                                  >
                                    <View
                                      style={
                                        [
                                          {
                                            "alignItems": "center",
                                            "backgroundColor": "blue",
                                            "flex": 1,
                                            "justifyContent": "center",
                                            "paddingHorizontal": 16,
                                            "paddingVertical": 8,
                                          },
                                          undefined,
                                        ]
                                      }
                                    >
                                      <Text
                                        style={
                                          [
                                            {
                                              "color": "white",
                                              "fontWeight": "bold",
                                            },
                                            {
                                              "fontSize": 16,
                                            },
                                          ]
                                        }
                                      >
                                        Go to Details
                                      </Text>
                                    </View>
                                  </View>
                                </View>
                              </View>
                            </View>
                          </View>
                        </RNSScreen>
                      </RNSScreenStack>
                    </View>
                  </View>
                </View>
              </RNSScreen>
            </RNSScreenNavigationContainer>
            <View
              collapsable={false}
              onLayout={[Function]}
              pointerEvents="auto"
              style={
                {
                  "backgroundColor": "rgb(255, 255, 255)",
                  "borderTopColor": "rgb(216, 216, 216)",
                  "borderTopWidth": 0.5,
                  "bottom": 0,
                  "elevation": 8,
                  "height": 49,
                  "left": 0,
                  "paddingBottom": 0,
                  "paddingHorizontal": 0,
                  "position": null,
                  "right": 0,
                  "transform": [
                    {
                      "translateY": 0,
                    },
                  ],
                }
              }
            >
              <View
                pointerEvents="none"
                style={
                  {
                    "bottom": 0,
                    "left": 0,
                    "position": "absolute",
                    "right": 0,
                    "top": 0,
                  }
                }
              />
              <View
                accessibilityRole="tablist"
                style={
                  {
                    "flex": 1,
                    "flexDirection": "row",
                  }
                }
              >
                <View
                  accessibilityLabel="MainHome, tab, 1 of 2"
                  accessibilityRole="button"
                  accessibilityState={
                    {
                      "busy": undefined,
                      "checked": undefined,
                      "disabled": undefined,
                      "expanded": undefined,
                      "selected": true,
                    }
                  }
                  accessibilityStates={
                    [
                      "selected",
                    ]
                  }
                  accessibilityValue={
                    {
                      "max": undefined,
                      "min": undefined,
                      "now": undefined,
                      "text": undefined,
                    }
                  }
                  accessible={true}
                  collapsable={false}
                  focusable={true}
                  onBlur={[Function]}
                  onClick={[Function]}
                  onFocus={[Function]}
                  onResponderGrant={[Function]}
                  onResponderMove={[Function]}
                  onResponderRelease={[Function]}
                  onResponderTerminate={[Function]}
                  onResponderTerminationRequest={[Function]}
                  onStartShouldSetResponder={[Function]}
                  style={
                    [
                      {
                        "alignItems": "center",
                        "flex": 1,
                      },
                      {
                        "backgroundColor": "transparent",
                      },
                      {
                        "flexDirection": "column",
                        "justifyContent": "flex-end",
                      },
                      undefined,
                    ]
                  }
                >
                  <View
                    style={
                      [
                        {
                          "flex": 1,
                        },
                        undefined,
                      ]
                    }
                  >
                    <View
                      style={
                        [
                          {
                            "alignItems": "center",
                            "alignSelf": "center",
                            "height": "100%",
                            "justifyContent": "center",
                            "minWidth": 25,
                            "position": "absolute",
                            "width": "100%",
                          },
                          {
                            "opacity": 1,
                          },
                        ]
                      }
                    >
                      <Text
                        style={
                          [
                            {
                              "backgroundColor": "transparent",
                            },
                            {
                              "color": "rgb(0, 122, 255)",
                              "fontSize": 25,
                            },
                            undefined,
                          ]
                        }
                      >
                        ⏷
                      </Text>
                    </View>
                    <View
                      style={
                        [
                          {
                            "alignItems": "center",
                            "alignSelf": "center",
                            "height": "100%",
                            "justifyContent": "center",
                            "minWidth": 25,
                            "position": "absolute",
                            "width": "100%",
                          },
                          {
                            "opacity": 0,
                          },
                        ]
                      }
                    >
                      <Text
                        style={
                          [
                            {
                              "backgroundColor": "transparent",
                            },
                            {
                              "color": "#8E8E8F",
                              "fontSize": 25,
                            },
                            undefined,
                          ]
                        }
                      >
                        ⏷
                      </Text>
                    </View>
                  </View>
                  <Text
                    numberOfLines={1}
                    style={
                      [
                        {
                          "backgroundColor": "transparent",
                          "textAlign": "center",
                        },
                        {
                          "color": "rgb(0, 122, 255)",
                        },
                        {
                          "fontSize": 10,
                        },
                        undefined,
                      ]
                    }
                  >
                    MainHome
                  </Text>
                </View>
                <View
                  accessibilityLabel="Setting, tab, 2 of 2"
                  accessibilityRole="button"
                  accessibilityState={
                    {
                      "busy": undefined,
                      "checked": undefined,
                      "disabled": undefined,
                      "expanded": undefined,
                      "selected": false,
                    }
                  }
                  accessibilityStates={[]}
                  accessibilityValue={
                    {
                      "max": undefined,
                      "min": undefined,
                      "now": undefined,
                      "text": undefined,
                    }
                  }
                  accessible={true}
                  collapsable={false}
                  focusable={true}
                  onBlur={[Function]}
                  onClick={[Function]}
                  onFocus={[Function]}
                  onResponderGrant={[Function]}
                  onResponderMove={[Function]}
                  onResponderRelease={[Function]}
                  onResponderTerminate={[Function]}
                  onResponderTerminationRequest={[Function]}
                  onStartShouldSetResponder={[Function]}
                  style={
                    [
                      {
                        "alignItems": "center",
                        "flex": 1,
                      },
                      {
                        "backgroundColor": "transparent",
                      },
                      {
                        "flexDirection": "column",
                        "justifyContent": "flex-end",
                      },
                      undefined,
                    ]
                  }
                >
                  <View
                    style={
                      [
                        {
                          "flex": 1,
                        },
                        undefined,
                      ]
                    }
                  >
                    <View
                      style={
                        [
                          {
                            "alignItems": "center",
                            "alignSelf": "center",
                            "height": "100%",
                            "justifyContent": "center",
                            "minWidth": 25,
                            "position": "absolute",
                            "width": "100%",
                          },
                          {
                            "opacity": 0,
                          },
                        ]
                      }
                    >
                      <Text
                        style={
                          [
                            {
                              "backgroundColor": "transparent",
                            },
                            {
                              "color": "rgb(0, 122, 255)",
                              "fontSize": 25,
                            },
                            undefined,
                          ]
                        }
                      >
                        ⏷
                      </Text>
                    </View>
                    <View
                      style={
                        [
                          {
                            "alignItems": "center",
                            "alignSelf": "center",
                            "height": "100%",
                            "justifyContent": "center",
                            "minWidth": 25,
                            "position": "absolute",
                            "width": "100%",
                          },
                          {
                            "opacity": 1,
                          },
                        ]
                      }
                    >
                      <Text
                        style={
                          [
                            {
                              "backgroundColor": "transparent",
                            },
                            {
                              "color": "#8E8E8F",
                              "fontSize": 25,
                            },
                            undefined,
                          ]
                        }
                      >
                        ⏷
                      </Text>
                    </View>
                  </View>
                  <Text
                    numberOfLines={1}
                    style={
                      [
                        {
                          "backgroundColor": "transparent",
                          "textAlign": "center",
                        },
                        {
                          "color": "#8E8E8F",
                        },
                        {
                          "fontSize": 10,
                        },
                        undefined,
                      ]
                    }
                  >
                    Setting
                  </Text>
                </View>
              </View>
            </View>
          </View>
        </View>
      </View>
    </RNSScreen>
  </RNSScreenStack>
</RNCSafeAreaProvider>
`;
